// Jest Snapshot v1, https://goo.gl/fbAQLP

exports[`Component: Header should render properly 1`] = `
ShallowWrapper {
  "length": 1,
  Symbol(enzyme.__root__): [Circular],
  Symbol(enzyme.__unrendered__): <Header
    currentLocation={Object {}}
    currentUser=""
    fetchCurrentSession={
      [MockFunction] {
        "calls": Array [
          Array [],
        ],
      }
    }
    fetchLocations={
      [MockFunction] {
        "calls": Array [
          Array [],
        ],
      }
    }
    locations={Array []}
    setCurrentLocation={[MockFunction]}
  />,
  Symbol(enzyme.__renderer__): Object {
    "batchedUpdates": [Function],
    "getNode": [Function],
    "render": [Function],
    "simulateEvent": [Function],
    "unmount": [Function],
  },
  Symbol(enzyme.__node__): Object {
    "instance": null,
    "key": undefined,
    "nodeType": "host",
    "props": Object {
      "children": <View
        currentLocation={Object {}}
        currentUser=""
        locationDropdown={false}
        locations={Array []}
        setCurrentLocation={[MockFunction]}
        toggleState={[Function]}
        userDropdown={false}
      />,
    },
    "ref": null,
    "rendered": Object {
      "instance": null,
      "key": undefined,
      "nodeType": "function",
      "props": Object {
        "currentLocation": Object {},
        "currentUser": "",
        "locationDropdown": false,
        "locations": Array [],
        "setCurrentLocation": [MockFunction],
        "toggleState": [Function],
        "userDropdown": false,
      },
      "ref": null,
      "rendered": null,
      "type": [Function],
    },
    "type": "div",
  },
  Symbol(enzyme.__nodes__): Array [
    Object {
      "instance": null,
      "key": undefined,
      "nodeType": "host",
      "props": Object {
        "children": <View
          currentLocation={Object {}}
          currentUser=""
          locationDropdown={false}
          locations={Array []}
          setCurrentLocation={[MockFunction]}
          toggleState={[Function]}
          userDropdown={false}
        />,
      },
      "ref": null,
      "rendered": Object {
        "instance": null,
        "key": undefined,
        "nodeType": "function",
        "props": Object {
          "currentLocation": Object {},
          "currentUser": "",
          "locationDropdown": false,
          "locations": Array [],
          "setCurrentLocation": [MockFunction],
          "toggleState": [Function],
          "userDropdown": false,
        },
        "ref": null,
        "rendered": null,
        "type": [Function],
      },
      "type": "div",
    },
  ],
  Symbol(enzyme.__options__): Object {
    "adapter": ReactSixteenAdapter {
      "options": Object {
        "enableComponentDidUpdateOnSetState": true,
      },
    },
  },
}
`;
