// Jest Snapshot v1, https://goo.gl/fbAQLP

exports[`Test for Adding an order should render component 1`] = `
ShallowWrapper {
  "length": 1,
  Symbol(enzyme.__root__): [Circular],
  Symbol(enzyme.__unrendered__): <AddForm />,
  Symbol(enzyme.__renderer__): Object {
    "batchedUpdates": [Function],
    "getNode": [Function],
    "render": [Function],
    "simulateEvent": [Function],
    "unmount": [Function],
  },
  Symbol(enzyme.__node__): Object {
    "instance": null,
    "key": undefined,
    "nodeType": "host",
    "props": Object {
      "children": <div
        className="col-lg-11 col-sm-11 col-md-11 col-md-offset-1 col-sm-offset-1 col-lg-offset-1"
      >
        <ul
          className="nav nav-pills mb-3"
          id="pills-tab"
          role="tablist"
        >
          <li
            className="nav-item"
          >
            <a
              aria-controls="standard"
              aria-selected="false"
              className="nav-link"
              data-toggle="pill"
              href="#standard"
              id="standard-tab"
              role="tab"
            >
              Standard Dosing
            </a>
          </li>
          <li
            className="nav-item"
          >
            <a
              aria-controls="free"
              aria-selected="false"
              className="nav-link"
              data-toggle="pill"
              href="#free"
              id="free-tab"
              role="tab"
            >
              Free Text
            </a>
          </li>
        </ul>
        <br />
        <div
          className="tab-content"
          id="pills-tabContent"
        >
          <FreeText />
          <StandardDose />
        </div>
      </div>,
      "className": "row",
    },
    "ref": null,
    "rendered": Object {
      "instance": null,
      "key": undefined,
      "nodeType": "host",
      "props": Object {
        "children": Array [
          <ul
            className="nav nav-pills mb-3"
            id="pills-tab"
            role="tablist"
          >
            <li
              className="nav-item"
            >
              <a
                aria-controls="standard"
                aria-selected="false"
                className="nav-link"
                data-toggle="pill"
                href="#standard"
                id="standard-tab"
                role="tab"
              >
                Standard Dosing
              </a>
            </li>
            <li
              className="nav-item"
            >
              <a
                aria-controls="free"
                aria-selected="false"
                className="nav-link"
                data-toggle="pill"
                href="#free"
                id="free-tab"
                role="tab"
              >
                Free Text
              </a>
            </li>
          </ul>,
          <br />,
          <div
            className="tab-content"
            id="pills-tabContent"
          >
            <FreeText />
            <StandardDose />
          </div>,
        ],
        "className": "col-lg-11 col-sm-11 col-md-11 col-md-offset-1 col-sm-offset-1 col-lg-offset-1",
      },
      "ref": null,
      "rendered": Array [
        Object {
          "instance": null,
          "key": undefined,
          "nodeType": "host",
          "props": Object {
            "children": Array [
              <li
                className="nav-item"
              >
                <a
                  aria-controls="standard"
                  aria-selected="false"
                  className="nav-link"
                  data-toggle="pill"
                  href="#standard"
                  id="standard-tab"
                  role="tab"
                >
                  Standard Dosing
                </a>
              </li>,
              <li
                className="nav-item"
              >
                <a
                  aria-controls="free"
                  aria-selected="false"
                  className="nav-link"
                  data-toggle="pill"
                  href="#free"
                  id="free-tab"
                  role="tab"
                >
                  Free Text
                </a>
              </li>,
            ],
            "className": "nav nav-pills mb-3",
            "id": "pills-tab",
            "role": "tablist",
          },
          "ref": null,
          "rendered": Array [
            Object {
              "instance": null,
              "key": undefined,
              "nodeType": "host",
              "props": Object {
                "children": <a
                  aria-controls="standard"
                  aria-selected="false"
                  className="nav-link"
                  data-toggle="pill"
                  href="#standard"
                  id="standard-tab"
                  role="tab"
                >
                  Standard Dosing
                </a>,
                "className": "nav-item",
              },
              "ref": null,
              "rendered": Object {
                "instance": null,
                "key": undefined,
                "nodeType": "host",
                "props": Object {
                  "aria-controls": "standard",
                  "aria-selected": "false",
                  "children": "Standard Dosing",
                  "className": "nav-link",
                  "data-toggle": "pill",
                  "href": "#standard",
                  "id": "standard-tab",
                  "role": "tab",
                },
                "ref": null,
                "rendered": "Standard Dosing",
                "type": "a",
              },
              "type": "li",
            },
            Object {
              "instance": null,
              "key": undefined,
              "nodeType": "host",
              "props": Object {
                "children": <a
                  aria-controls="free"
                  aria-selected="false"
                  className="nav-link"
                  data-toggle="pill"
                  href="#free"
                  id="free-tab"
                  role="tab"
                >
                  Free Text
                </a>,
                "className": "nav-item",
              },
              "ref": null,
              "rendered": Object {
                "instance": null,
                "key": undefined,
                "nodeType": "host",
                "props": Object {
                  "aria-controls": "free",
                  "aria-selected": "false",
                  "children": "Free Text",
                  "className": "nav-link",
                  "data-toggle": "pill",
                  "href": "#free",
                  "id": "free-tab",
                  "role": "tab",
                },
                "ref": null,
                "rendered": "Free Text",
                "type": "a",
              },
              "type": "li",
            },
          ],
          "type": "ul",
        },
        Object {
          "instance": null,
          "key": undefined,
          "nodeType": "host",
          "props": Object {},
          "ref": null,
          "rendered": null,
          "type": "br",
        },
        Object {
          "instance": null,
          "key": undefined,
          "nodeType": "host",
          "props": Object {
            "children": Array [
              <FreeText />,
              <StandardDose />,
            ],
            "className": "tab-content",
            "id": "pills-tabContent",
          },
          "ref": null,
          "rendered": Array [
            Object {
              "instance": null,
              "key": undefined,
              "nodeType": "class",
              "props": Object {},
              "ref": null,
              "rendered": null,
              "type": [Function],
            },
            Object {
              "instance": null,
              "key": undefined,
              "nodeType": "class",
              "props": Object {},
              "ref": null,
              "rendered": null,
              "type": [Function],
            },
          ],
          "type": "div",
        },
      ],
      "type": "div",
    },
    "type": "div",
  },
  Symbol(enzyme.__nodes__): Array [
    Object {
      "instance": null,
      "key": undefined,
      "nodeType": "host",
      "props": Object {
        "children": <div
          className="col-lg-11 col-sm-11 col-md-11 col-md-offset-1 col-sm-offset-1 col-lg-offset-1"
        >
          <ul
            className="nav nav-pills mb-3"
            id="pills-tab"
            role="tablist"
          >
            <li
              className="nav-item"
            >
              <a
                aria-controls="standard"
                aria-selected="false"
                className="nav-link"
                data-toggle="pill"
                href="#standard"
                id="standard-tab"
                role="tab"
              >
                Standard Dosing
              </a>
            </li>
            <li
              className="nav-item"
            >
              <a
                aria-controls="free"
                aria-selected="false"
                className="nav-link"
                data-toggle="pill"
                href="#free"
                id="free-tab"
                role="tab"
              >
                Free Text
              </a>
            </li>
          </ul>
          <br />
          <div
            className="tab-content"
            id="pills-tabContent"
          >
            <FreeText />
            <StandardDose />
          </div>
        </div>,
        "className": "row",
      },
      "ref": null,
      "rendered": Object {
        "instance": null,
        "key": undefined,
        "nodeType": "host",
        "props": Object {
          "children": Array [
            <ul
              className="nav nav-pills mb-3"
              id="pills-tab"
              role="tablist"
            >
              <li
                className="nav-item"
              >
                <a
                  aria-controls="standard"
                  aria-selected="false"
                  className="nav-link"
                  data-toggle="pill"
                  href="#standard"
                  id="standard-tab"
                  role="tab"
                >
                  Standard Dosing
                </a>
              </li>
              <li
                className="nav-item"
              >
                <a
                  aria-controls="free"
                  aria-selected="false"
                  className="nav-link"
                  data-toggle="pill"
                  href="#free"
                  id="free-tab"
                  role="tab"
                >
                  Free Text
                </a>
              </li>
            </ul>,
            <br />,
            <div
              className="tab-content"
              id="pills-tabContent"
            >
              <FreeText />
              <StandardDose />
            </div>,
          ],
          "className": "col-lg-11 col-sm-11 col-md-11 col-md-offset-1 col-sm-offset-1 col-lg-offset-1",
        },
        "ref": null,
        "rendered": Array [
          Object {
            "instance": null,
            "key": undefined,
            "nodeType": "host",
            "props": Object {
              "children": Array [
                <li
                  className="nav-item"
                >
                  <a
                    aria-controls="standard"
                    aria-selected="false"
                    className="nav-link"
                    data-toggle="pill"
                    href="#standard"
                    id="standard-tab"
                    role="tab"
                  >
                    Standard Dosing
                  </a>
                </li>,
                <li
                  className="nav-item"
                >
                  <a
                    aria-controls="free"
                    aria-selected="false"
                    className="nav-link"
                    data-toggle="pill"
                    href="#free"
                    id="free-tab"
                    role="tab"
                  >
                    Free Text
                  </a>
                </li>,
              ],
              "className": "nav nav-pills mb-3",
              "id": "pills-tab",
              "role": "tablist",
            },
            "ref": null,
            "rendered": Array [
              Object {
                "instance": null,
                "key": undefined,
                "nodeType": "host",
                "props": Object {
                  "children": <a
                    aria-controls="standard"
                    aria-selected="false"
                    className="nav-link"
                    data-toggle="pill"
                    href="#standard"
                    id="standard-tab"
                    role="tab"
                  >
                    Standard Dosing
                  </a>,
                  "className": "nav-item",
                },
                "ref": null,
                "rendered": Object {
                  "instance": null,
                  "key": undefined,
                  "nodeType": "host",
                  "props": Object {
                    "aria-controls": "standard",
                    "aria-selected": "false",
                    "children": "Standard Dosing",
                    "className": "nav-link",
                    "data-toggle": "pill",
                    "href": "#standard",
                    "id": "standard-tab",
                    "role": "tab",
                  },
                  "ref": null,
                  "rendered": "Standard Dosing",
                  "type": "a",
                },
                "type": "li",
              },
              Object {
                "instance": null,
                "key": undefined,
                "nodeType": "host",
                "props": Object {
                  "children": <a
                    aria-controls="free"
                    aria-selected="false"
                    className="nav-link"
                    data-toggle="pill"
                    href="#free"
                    id="free-tab"
                    role="tab"
                  >
                    Free Text
                  </a>,
                  "className": "nav-item",
                },
                "ref": null,
                "rendered": Object {
                  "instance": null,
                  "key": undefined,
                  "nodeType": "host",
                  "props": Object {
                    "aria-controls": "free",
                    "aria-selected": "false",
                    "children": "Free Text",
                    "className": "nav-link",
                    "data-toggle": "pill",
                    "href": "#free",
                    "id": "free-tab",
                    "role": "tab",
                  },
                  "ref": null,
                  "rendered": "Free Text",
                  "type": "a",
                },
                "type": "li",
              },
            ],
            "type": "ul",
          },
          Object {
            "instance": null,
            "key": undefined,
            "nodeType": "host",
            "props": Object {},
            "ref": null,
            "rendered": null,
            "type": "br",
          },
          Object {
            "instance": null,
            "key": undefined,
            "nodeType": "host",
            "props": Object {
              "children": Array [
                <FreeText />,
                <StandardDose />,
              ],
              "className": "tab-content",
              "id": "pills-tabContent",
            },
            "ref": null,
            "rendered": Array [
              Object {
                "instance": null,
                "key": undefined,
                "nodeType": "class",
                "props": Object {},
                "ref": null,
                "rendered": null,
                "type": [Function],
              },
              Object {
                "instance": null,
                "key": undefined,
                "nodeType": "class",
                "props": Object {},
                "ref": null,
                "rendered": null,
                "type": [Function],
              },
            ],
            "type": "div",
          },
        ],
        "type": "div",
      },
      "type": "div",
    },
  ],
  Symbol(enzyme.__options__): Object {
    "adapter": ReactSixteenAdapter {
      "options": Object {
        "enableComponentDidUpdateOnSetState": true,
      },
    },
  },
}
`;
