// Jest Snapshot v1, https://goo.gl/fbAQLP

exports[`Test for Free text form should render component 1`] = `
ShallowWrapper {
  "length": 1,
  Symbol(enzyme.__root__): [Circular],
  Symbol(enzyme.__unrendered__): <FreeText />,
  Symbol(enzyme.__renderer__): Object {
    "batchedUpdates": [Function],
    "getNode": [Function],
    "render": [Function],
    "simulateEvent": [Function],
    "unmount": [Function],
  },
  Symbol(enzyme.__node__): Object {
    "instance": null,
    "key": undefined,
    "nodeType": "host",
    "props": Object {
      "aria-labelledby": "free-tab",
      "children": Array [
        <form>
          <div
            className="row"
          >
            <div
              className="col-sm-11"
            >
              <div
                className="form-group"
              >
                <label
                  htmlFor="instructions"
                >
                  Completete Instructions:
                </label>
                <textarea
                  className="form-control"
                  id="instructions"
                  rows="5"
                />
              </div>
            </div>
          </div>
        </form>,
        <div
          className="row"
        >
          <div
            className="col-sm-3 text-left"
          >
            <button
              className="btn btn-danger"
              type="button"
            >
              Cancel
            </button>
          </div>
          <div
            className="col-sm-3 col-sm-offset-5 text-right"
          >
            <button
              className="btn btn-success"
              type="button"
            >
              Save
            </button>
          </div>
        </div>,
      ],
      "className": "tab-pane fade",
      "id": "free",
      "role": "tabpanel",
    },
    "ref": null,
    "rendered": Array [
      Object {
        "instance": null,
        "key": undefined,
        "nodeType": "host",
        "props": Object {
          "children": <div
            className="row"
          >
            <div
              className="col-sm-11"
            >
              <div
                className="form-group"
              >
                <label
                  htmlFor="instructions"
                >
                  Completete Instructions:
                </label>
                <textarea
                  className="form-control"
                  id="instructions"
                  rows="5"
                />
              </div>
            </div>
          </div>,
        },
        "ref": null,
        "rendered": Object {
          "instance": null,
          "key": undefined,
          "nodeType": "host",
          "props": Object {
            "children": <div
              className="col-sm-11"
            >
              <div
                className="form-group"
              >
                <label
                  htmlFor="instructions"
                >
                  Completete Instructions:
                </label>
                <textarea
                  className="form-control"
                  id="instructions"
                  rows="5"
                />
              </div>
            </div>,
            "className": "row",
          },
          "ref": null,
          "rendered": Object {
            "instance": null,
            "key": undefined,
            "nodeType": "host",
            "props": Object {
              "children": <div
                className="form-group"
              >
                <label
                  htmlFor="instructions"
                >
                  Completete Instructions:
                </label>
                <textarea
                  className="form-control"
                  id="instructions"
                  rows="5"
                />
              </div>,
              "className": "col-sm-11",
            },
            "ref": null,
            "rendered": Object {
              "instance": null,
              "key": undefined,
              "nodeType": "host",
              "props": Object {
                "children": Array [
                  <label
                    htmlFor="instructions"
                  >
                    Completete Instructions:
                  </label>,
                  <textarea
                    className="form-control"
                    id="instructions"
                    rows="5"
                  />,
                ],
                "className": "form-group",
              },
              "ref": null,
              "rendered": Array [
                Object {
                  "instance": null,
                  "key": undefined,
                  "nodeType": "host",
                  "props": Object {
                    "children": "Completete Instructions:",
                    "htmlFor": "instructions",
                  },
                  "ref": null,
                  "rendered": "Completete Instructions:",
                  "type": "label",
                },
                Object {
                  "instance": null,
                  "key": undefined,
                  "nodeType": "host",
                  "props": Object {
                    "className": "form-control",
                    "id": "instructions",
                    "rows": "5",
                  },
                  "ref": null,
                  "rendered": null,
                  "type": "textarea",
                },
              ],
              "type": "div",
            },
            "type": "div",
          },
          "type": "div",
        },
        "type": "form",
      },
      Object {
        "instance": null,
        "key": undefined,
        "nodeType": "host",
        "props": Object {
          "children": Array [
            <div
              className="col-sm-3 text-left"
            >
              <button
                className="btn btn-danger"
                type="button"
              >
                Cancel
              </button>
            </div>,
            <div
              className="col-sm-3 col-sm-offset-5 text-right"
            >
              <button
                className="btn btn-success"
                type="button"
              >
                Save
              </button>
            </div>,
          ],
          "className": "row",
        },
        "ref": null,
        "rendered": Array [
          Object {
            "instance": null,
            "key": undefined,
            "nodeType": "host",
            "props": Object {
              "children": <button
                className="btn btn-danger"
                type="button"
              >
                Cancel
              </button>,
              "className": "col-sm-3 text-left",
            },
            "ref": null,
            "rendered": Object {
              "instance": null,
              "key": undefined,
              "nodeType": "host",
              "props": Object {
                "children": "Cancel",
                "className": "btn btn-danger",
                "type": "button",
              },
              "ref": null,
              "rendered": "Cancel",
              "type": "button",
            },
            "type": "div",
          },
          Object {
            "instance": null,
            "key": undefined,
            "nodeType": "host",
            "props": Object {
              "children": <button
                className="btn btn-success"
                type="button"
              >
                Save
              </button>,
              "className": "col-sm-3 col-sm-offset-5 text-right",
            },
            "ref": null,
            "rendered": Object {
              "instance": null,
              "key": undefined,
              "nodeType": "host",
              "props": Object {
                "children": "Save",
                "className": "btn btn-success",
                "type": "button",
              },
              "ref": null,
              "rendered": "Save",
              "type": "button",
            },
            "type": "div",
          },
        ],
        "type": "div",
      },
    ],
    "type": "div",
  },
  Symbol(enzyme.__nodes__): Array [
    Object {
      "instance": null,
      "key": undefined,
      "nodeType": "host",
      "props": Object {
        "aria-labelledby": "free-tab",
        "children": Array [
          <form>
            <div
              className="row"
            >
              <div
                className="col-sm-11"
              >
                <div
                  className="form-group"
                >
                  <label
                    htmlFor="instructions"
                  >
                    Completete Instructions:
                  </label>
                  <textarea
                    className="form-control"
                    id="instructions"
                    rows="5"
                  />
                </div>
              </div>
            </div>
          </form>,
          <div
            className="row"
          >
            <div
              className="col-sm-3 text-left"
            >
              <button
                className="btn btn-danger"
                type="button"
              >
                Cancel
              </button>
            </div>
            <div
              className="col-sm-3 col-sm-offset-5 text-right"
            >
              <button
                className="btn btn-success"
                type="button"
              >
                Save
              </button>
            </div>
          </div>,
        ],
        "className": "tab-pane fade",
        "id": "free",
        "role": "tabpanel",
      },
      "ref": null,
      "rendered": Array [
        Object {
          "instance": null,
          "key": undefined,
          "nodeType": "host",
          "props": Object {
            "children": <div
              className="row"
            >
              <div
                className="col-sm-11"
              >
                <div
                  className="form-group"
                >
                  <label
                    htmlFor="instructions"
                  >
                    Completete Instructions:
                  </label>
                  <textarea
                    className="form-control"
                    id="instructions"
                    rows="5"
                  />
                </div>
              </div>
            </div>,
          },
          "ref": null,
          "rendered": Object {
            "instance": null,
            "key": undefined,
            "nodeType": "host",
            "props": Object {
              "children": <div
                className="col-sm-11"
              >
                <div
                  className="form-group"
                >
                  <label
                    htmlFor="instructions"
                  >
                    Completete Instructions:
                  </label>
                  <textarea
                    className="form-control"
                    id="instructions"
                    rows="5"
                  />
                </div>
              </div>,
              "className": "row",
            },
            "ref": null,
            "rendered": Object {
              "instance": null,
              "key": undefined,
              "nodeType": "host",
              "props": Object {
                "children": <div
                  className="form-group"
                >
                  <label
                    htmlFor="instructions"
                  >
                    Completete Instructions:
                  </label>
                  <textarea
                    className="form-control"
                    id="instructions"
                    rows="5"
                  />
                </div>,
                "className": "col-sm-11",
              },
              "ref": null,
              "rendered": Object {
                "instance": null,
                "key": undefined,
                "nodeType": "host",
                "props": Object {
                  "children": Array [
                    <label
                      htmlFor="instructions"
                    >
                      Completete Instructions:
                    </label>,
                    <textarea
                      className="form-control"
                      id="instructions"
                      rows="5"
                    />,
                  ],
                  "className": "form-group",
                },
                "ref": null,
                "rendered": Array [
                  Object {
                    "instance": null,
                    "key": undefined,
                    "nodeType": "host",
                    "props": Object {
                      "children": "Completete Instructions:",
                      "htmlFor": "instructions",
                    },
                    "ref": null,
                    "rendered": "Completete Instructions:",
                    "type": "label",
                  },
                  Object {
                    "instance": null,
                    "key": undefined,
                    "nodeType": "host",
                    "props": Object {
                      "className": "form-control",
                      "id": "instructions",
                      "rows": "5",
                    },
                    "ref": null,
                    "rendered": null,
                    "type": "textarea",
                  },
                ],
                "type": "div",
              },
              "type": "div",
            },
            "type": "div",
          },
          "type": "form",
        },
        Object {
          "instance": null,
          "key": undefined,
          "nodeType": "host",
          "props": Object {
            "children": Array [
              <div
                className="col-sm-3 text-left"
              >
                <button
                  className="btn btn-danger"
                  type="button"
                >
                  Cancel
                </button>
              </div>,
              <div
                className="col-sm-3 col-sm-offset-5 text-right"
              >
                <button
                  className="btn btn-success"
                  type="button"
                >
                  Save
                </button>
              </div>,
            ],
            "className": "row",
          },
          "ref": null,
          "rendered": Array [
            Object {
              "instance": null,
              "key": undefined,
              "nodeType": "host",
              "props": Object {
                "children": <button
                  className="btn btn-danger"
                  type="button"
                >
                  Cancel
                </button>,
                "className": "col-sm-3 text-left",
              },
              "ref": null,
              "rendered": Object {
                "instance": null,
                "key": undefined,
                "nodeType": "host",
                "props": Object {
                  "children": "Cancel",
                  "className": "btn btn-danger",
                  "type": "button",
                },
                "ref": null,
                "rendered": "Cancel",
                "type": "button",
              },
              "type": "div",
            },
            Object {
              "instance": null,
              "key": undefined,
              "nodeType": "host",
              "props": Object {
                "children": <button
                  className="btn btn-success"
                  type="button"
                >
                  Save
                </button>,
                "className": "col-sm-3 col-sm-offset-5 text-right",
              },
              "ref": null,
              "rendered": Object {
                "instance": null,
                "key": undefined,
                "nodeType": "host",
                "props": Object {
                  "children": "Save",
                  "className": "btn btn-success",
                  "type": "button",
                },
                "ref": null,
                "rendered": "Save",
                "type": "button",
              },
              "type": "div",
            },
          ],
          "type": "div",
        },
      ],
      "type": "div",
    },
  ],
  Symbol(enzyme.__options__): Object {
    "adapter": ReactSixteenAdapter {
      "options": Object {
        "enableComponentDidUpdateOnSetState": true,
      },
    },
  },
}
`;
