// Jest Snapshot v1, https://goo.gl/fbAQLP

exports[`Dosage Tab component should render without crashing 1`] = `
<div
  className="DosageTabs"
>
  Instructions:Â 
</div>
`;
