// Jest Snapshot v1, https://goo.gl/fbAQLP

exports[`\`Tab\` component should render without crashing 1`] = `
<li
  className="ui-state-default ui-corner-top"
>
  <a
    className="ui-tabs-anchor"
    onClick={[Function]}
    role="presentation"
  />
</li>
`;
