// Jest Snapshot v1, https://goo.gl/fbAQLP

exports[`Test for Standard dose form Rendering with initial props should render component 1`] = `
<div>
  <form
    className="simple-form-ui"
  >
    <div
      className="flex-row"
    >
      <div>
        <p
          className="left p-margin"
        >
          <input
            className="small-input "
            id="dose"
            min="0"
            name="dose"
            onBlur={[MockFunction]}
            onChange={[MockFunction]}
            placeholder="Dose"
            required={true}
            type="number"
          />
        </p>
        <p
          className="left p-margin"
        >
          <input
            className=""
            id="drugDosingUnits"
            list="dosingUnits"
            name="dosingUnit"
            onBlur={[MockFunction]}
            onChange={[MockFunction]}
            placeholder="Units"
            required={true}
            size="20"
          />
          <datalist
            id="dosingUnits"
          >
            <option
              key="ABC-56Y"
              value="milligrams"
            />
          </datalist>
        </p>
        <p
          className="left p-margin"
        >
          <input
            className=""
            id="frequency"
            list="orderFrequencies"
            name="frequency"
            onBlur={[MockFunction]}
            onChange={[MockFunction]}
            placeholder="Frequency"
            size="40"
          />
          <datalist
            id="orderFrequencies"
          >
            <option
              key="ABC-56Y"
              value="once"
            />
          </datalist>
        </p>
        <p
          className="left p-margin"
        >
          <input
            className=""
            id="route"
            list="routes"
            name="route"
            onBlur={[MockFunction]}
            onChange={[MockFunction]}
            placeholder="Route"
            size="20"
          />
          <datalist
            id="routes"
          >
            <option
              key="ABC-56Y"
              value="oral"
            />
          </datalist>
        </p>
      </div>
    </div>
    <div
      className="flex-row"
    >
      <div>
        <p
          className="left label-margin"
        >
          <label
            name="reason"
          >
            As needed for
          </label>
        </p>
        <p
          className="left"
        >
          <input
            id="reason"
            name="reason"
            onChange={[MockFunction]}
            placeholder="reason(optional)"
            size="35"
            type="text"
          />
        </p>
      </div>
    </div>
    <div
      className="flex-row"
    >
      <div>
        <p
          className="left label-margin"
        >
          <label>
            For
          </label>
        </p>
        <p
          className="left p-margin"
        >
          <input
            className="medium-input"
            id="duration"
            min="0"
            name="duration"
            onChange={[MockFunction]}
            placeholder="Duration"
            type="number"
          />
        </p>
        <p
          className="left label-margin"
        >
          <input
            className=""
            id="drugDurationUnits"
            list="durationUnits"
            name="durationUnit"
            onBlur={[MockFunction]}
            onChange={[MockFunction]}
            placeholder="Units"
            size="20"
          />
          <datalist
            id="durationUnits"
          >
            <option
              key="ABC-56Y"
              value="weeks"
            />
          </datalist>
        </p>
        <p
          className="left"
        >
          <label>
            total
          </label>
        </p>
      </div>
    </div>
    <div
      className="flex-row"
    >
      <div>
        <textarea
          cols="60"
          id="notes"
          name="drugInstructions"
          onChange={[MockFunction]}
          placeholder="Additional instruction not covered above"
          rows="2"
        />
      </div>
    </div>
    <div
      className="flex-row"
    >
      <div>
        <p
          className="left label-margin"
        >
          <label>
            Dispense:
          </label>
        </p>
        <p
          className="left p-margin"
        >
          <input
            className="medium-input "
            id="dispenseQuantity"
            min="0"
            name="dispensingQuantity"
            onBlur={[MockFunction]}
            onChange={[MockFunction]}
            placeholder="Quantity"
            type="number"
          />
        </p>
        <p
          className="left"
        >
          <input
            className=""
            id="drugDispensingUnits"
            list="dispensingUnits"
            name="dispensingUnit"
            onBlur={[MockFunction]}
            onChange={[MockFunction]}
            placeholder="Units"
            size="20"
          />
          <datalist
            id="dispensingUnits"
          />
        </p>
      </div>
    </div>
    <div
      className="flex-row"
    >
      <div>
        <button
          className="cancel"
          onClick={[MockFunction]}
          type="button"
        >
          Cancel
        </button>
      </div>
      <div
        className="-1 pull-right-8"
      >
        <button
          className="confirm"
          onClick={[MockFunction]}
          type="button"
        >
          Add
        </button>
      </div>
    </div>
  </form>
</div>
`;
