// Jest Snapshot v1, https://goo.gl/fbAQLP

exports[`Component: LabPanelFieldSet should mount initially 1`] = `
<fieldset
  className="fieldset"
>
  <legend>
    Panels
  </legend>
  <div
    className="panel-box"
  >
    <button
      className="lab-tests-btn tooltip"
      id="panel-button"
      key="asampleduuid1234"
      onClick={[Function]}
      type="button"
    >
      sample
      <ToolTip
        toolTipBody={
          Array [
            "sample",
          ]
        }
        toolTipHeader="Tests included in this panel:"
      />
    </button>
  </div>
</fieldset>
`;
