// Jest Snapshot v1, https://goo.gl/fbAQLP

exports[`Component: LabTestFieldSet should mount initially 1`] = `
<fieldset
  className="fieldset"
>
  <legend>
    Tests
  </legend>
  <div
    className="tests-box"
  >
    <button
      className="lab-tests-btn active"
      id="category-test-button"
      key="asampleduuid1-234"
      onClick={[Function]}
      type="button"
    >
      samplea
    </button>
    <button
      className="lab-tests-btn active"
      id="category-test-button"
      key="defmpleduuid1-566"
      onClick={[Function]}
      type="button"
    >
      sampleb
    </button>
    <button
      className="lab-tests-btn "
      id="category-test-button"
      key="5sampleduuid2-788"
      onClick={[Function]}
      type="button"
    >
      samplec
    </button>
  </div>
</fieldset>
`;

exports[`Component: LabTestFieldSet should support click for each button rendered 1`] = `
<fieldset
  className="fieldset"
>
  <legend>
    Tests
  </legend>
  <div
    className="tests-box"
  >
    <button
      className="lab-tests-btn active"
      id="category-test-button"
      key="asampleduuid1-234"
      onClick={[Function]}
      type="button"
    >
      samplea
    </button>
    <button
      className="lab-tests-btn active"
      id="category-test-button"
      key="defmpleduuid1-566"
      onClick={[Function]}
      type="button"
    >
      sampleb
    </button>
    <button
      className="lab-tests-btn "
      id="category-test-button"
      key="5sampleduuid2-788"
      onClick={[Function]}
      type="button"
    >
      samplec
    </button>
  </div>
</fieldset>
`;
